// Jest Snapshot v1, https://goo.gl/fbAQLP

exports[`Avtivity component renders UI as expected 1`] = `
<div
  className="Activity"
>
  <div
    className="activityItem"
  >
    <h6
      id="user-name"
    />
    <h4
      id="activity-title"
    />
    <br />
    <div
      id="stat-bar"
    >
      <p>
        Distance 
        <br />
         
         mi
      </p>
      <p
        className="stat-bar-div"
      >
        |
      </p>
      <p>
        Pace
        <br />
         
        NaN
         /mi
      </p>
      <p
        className="stat-bar-div"
      >
        |
      </p>
      <p>
        Time 
        <br />
         
         min
      </p>
    </div>
    <p
      id="description-section"
    >
      Notes: 
    </p>
  </div>
</div>
`;
