// Jest Snapshot v1, https://goo.gl/fbAQLP

exports[`ExpandedActivity component Renders UI as expected 1`] = `
<div
  className="ExpandedActivity"
>
  <header>
    <a
      href="/"
      onClick={[Function]}
    >
      <img
        alt="Blue breakaway logo"
        id="main-logo"
        src="breakaway-logo.png"
      />
    </a>
    <a
      href="/login-page"
      onClick={[Function]}
    >
      <button
        className="nav-button"
        id="login-button"
        value="login"
      >
        Log In
      </button>
    </a>
  </header>
  <h2>
    Expanded Activity
  </h2>
</div>
`;
